// Jest Snapshot v1, https://goo.gl/fbAQLP

exports[`RadioGroup renders a RadioGroup 1`] = `
<label
  className="MuiFormControlLabel-root-1"
>
  <div
    className="MuiFormGroup-root-5"
    role="radiogroup"
  />
  <span
    className="MuiTypography-root-7 MuiTypography-body1-16 MuiFormControlLabel-label-4"
  />
</label>
`;
